[Christian was added, They are player number 1, Bart was added, They are player number 2, Christian is the current player, They have rolled a 1, Christian's new location is 1, The category is Science, Science Question 0, Answer was corrent!!!!, Christian now has 1 Gold Coins., Bart is the current player, They have rolled a 1, Bart's new location is 1, The category is Science, Science Question 1, Answer was corrent!!!!, Bart now has 1 Gold Coins., Christian is the current player, They have rolled a 1, Christian's new location is 2, The category is Sports, Sports Question 0, Answer was corrent!!!!, Christian now has 2 Gold Coins., Bart is the current player, They have rolled a 1, Bart's new location is 2, The category is Sports, Sports Question 1, Answer was corrent!!!!, Bart now has 2 Gold Coins., Christian is the current player, They have rolled a 1, Christian's new location is 3, The category is Rock, Rock Question 0, Answer was corrent!!!!, Christian now has 3 Gold Coins., Bart is the current player, They have rolled a 1, Bart's new location is 3, The category is Rock, Rock Question 1, Answer was corrent!!!!, Bart now has 3 Gold Coins., Christian is the current player, They have rolled a 1, Christian's new location is 4, The category is Pop, Pop Question 0, Answer was corrent!!!!, Christian now has 4 Gold Coins., Bart is the current player, They have rolled a 1, Bart's new location is 4, The category is Pop, Pop Question 1, Answer was corrent!!!!, Bart now has 4 Gold Coins., Christian is the current player, They have rolled a 1, Christian's new location is 5, The category is Science, Science Question 2, Answer was corrent!!!!, Christian now has 5 Gold Coins., Bart is the current player, They have rolled a 1, Bart's new location is 5, The category is Science, Science Question 3, Answer was corrent!!!!, Bart now has 5 Gold Coins., Christian is the current player, They have rolled a 1, Christian's new location is 6, The category is Sports, Sports Question 2, Answer was corrent!!!!, Christian now has 6 Gold Coins., Bart is the current player, They have rolled a 1, Bart's new location is 6, The category is Sports, Sports Question 3, Answer was corrent!!!!, Bart now has 6 Gold Coins., Christian is the current player, They have rolled a 1, Christian's new location is 7, The category is Rock, Rock Question 2, Answer was corrent!!!!, Christian now has 7 Gold Coins., Bart is the current player, They have rolled a 1, Bart's new location is 7, The category is Rock, Rock Question 3, Answer was corrent!!!!, Bart now has 7 Gold Coins., Christian is the current player, They have rolled a 1, Christian's new location is 8, The category is Pop, Pop Question 2, Answer was corrent!!!!, Christian now has 8 Gold Coins., Bart is the current player, They have rolled a 1, Bart's new location is 8, The category is Pop, Pop Question 3, Answer was corrent!!!!, Bart now has 8 Gold Coins., Christian is the current player, They have rolled a 1, Christian's new location is 9, The category is Science, Science Question 4, Answer was corrent!!!!, Christian now has 9 Gold Coins., Bart is the current player, They have rolled a 1, Bart's new location is 9, The category is Science, Science Question 5, Answer was corrent!!!!, Bart now has 9 Gold Coins., Christian is the current player, They have rolled a 1, Christian's new location is 10, The category is Sports, Sports Question 4, Answer was corrent!!!!, Christian now has 10 Gold Coins., Bart is the current player, They have rolled a 1, Bart's new location is 10, The category is Sports, Sports Question 5, Answer was corrent!!!!, Bart now has 10 Gold Coins., Christian is the current player, They have rolled a 1, Christian's new location is 11, The category is Rock, Rock Question 4, Answer was corrent!!!!, Christian now has 11 Gold Coins., Bart is the current player, They have rolled a 1, Bart's new location is 11, The category is Rock, Rock Question 5, Answer was corrent!!!!, Bart now has 11 Gold Coins., Christian is the current player, They have rolled a 1, Christian's new location is 0, The category is Pop, Pop Question 4, Answer was corrent!!!!, Christian now has 12 Gold Coins., Bart is the current player, They have rolled a 1, Bart's new location is 0, The category is Pop, Pop Question 5, Answer was corrent!!!!, Bart now has 12 Gold Coins., Christian is the current player, They have rolled a 1, Christian's new location is 1, The category is Science, Science Question 6, Answer was corrent!!!!, Christian now has 13 Gold Coins., Bart is the current player, They have rolled a 1, Bart's new location is 1, The category is Science, Science Question 7, Answer was corrent!!!!, Bart now has 13 Gold Coins., Christian is the current player, They have rolled a 1, Christian's new location is 2, The category is Sports, Sports Question 6, Answer was corrent!!!!, Christian now has 14 Gold Coins., Bart is the current player, They have rolled a 1, Bart's new location is 2, The category is Sports, Sports Question 7, Answer was corrent!!!!, Bart now has 14 Gold Coins., Christian is the current player, They have rolled a 1, Christian's new location is 3, The category is Rock, Rock Question 6, Answer was corrent!!!!, Christian now has 15 Gold Coins., Bart is the current player, They have rolled a 1, Bart's new location is 3, The category is Rock, Rock Question 7, Answer was corrent!!!!, Bart now has 15 Gold Coins.]