[Christian was added, They are player number 1, Bart was added, They are player number 2]